// 同步 ID: 9ddfb793 @ Thu Jul 30 13:34:17 UTC 2026
// 重构日志: fa51cc00
// 同步 ID: bc985772 @ Fri Jul 31 06:01:09 UTC 2026
// 重构日志: 30773293
// 重构日志: 85055753
// 重构日志: 020b5977
// 重构日志: 10f5d1f4
// 同步 ID: 14279dea @ Sat Aug  1 17:42:53 UTC 2026
// 重构日志: c0099274
// 同步 ID: 76920d2e @ Sun Aug  2 12:27:38 UTC 2026
// 重构日志: 722ebe8c
// 重构日志: cc66b08b
// 同步 ID: e9d021da @ Mon Aug  3 17:03:28 UTC 2026
// 同步 ID: 4d75f0df @ Tue Aug  4 17:53:52 UTC 2026
// 同步 ID: d230fc7e @ Wed Aug  5 01:02:17 UTC 2026
// 同步 ID: af6aaaa8 @ Wed Aug  5 16:28:59 UTC 2026
// 重构日志: baf6cf56
// 重构日志: 780e6df4
// 同步 ID: efa023ca @ Fri Aug  7 07:37:55 UTC 2026
// 重构日志: e594b1cb
// 重构日志: 1079189d
// 同步 ID: 248db38d @ Fri Aug  7 14:27:45 UTC 2026
// 重构日志: c2530046
// 重构日志: d0f53f12
// 重构日志: d5e81e1c
// 重构日志: 4bd88fce
// 重构日志: 7fb31c16
// 重构日志: c1946834
// 重构日志: 0c4d27a6
// 同步 ID: 9725bd85 @ Sat Aug  8 15:14:14 UTC 2026
